chara@LENO MINGW64 ~/D/Arduinobaremetal/ledbuiltin
$ avr-gcc --version
bash: avr-gcc: command not found

chara@LENO MINGW64 ~/D/Arduinobaremetal/ledbuiltin
$ export PATH=$PATH:/c/WinAVR/bin

chara@LENO MINGW64 ~/D/Arduinobaremetal/ledbuiltin
$ avr-gcc --version
avr-gcc.exe (WinAVR 20100110) 4.3.3
Copyright (C) 2008 Free Software Foundation, Inc.
This is free software; see the source for copying conditions.  There is NO  
warranty; not even for MERCHANTABILITY or FITNESS FOR A PARTICULAR PURPOSE. 


chara@LENO MINGW64 ~/D/Arduinobaremetal/ledbuiltin
$ echo 'export PATH=$PATH:/c/WinAVR/bin' >> ~/.bashrc
source ~/.bashrc

chara@LENO MINGW64 ~/D/Arduinobaremetal/ledbuiltin
$ avr-gcc --version
avr-gcc.exe (WinAVR 20100110) 4.3.3
Copyright (C) 2008 Free Software Foundation, Inc.
This is free software; see the source for copying conditions.  There is NO  
warranty; not even for MERCHANTABILITY or FITNESS FOR A PARTICULAR PURPOSE. 


chara@LENO MINGW64 ~/D/Arduinobaremetal/ledbuiltin
$ make all
avr-gcc -mmcu=atmega328p -DF_CPU=16000000UL -Os -o ledbuiltin.elf ledbuiltin.c
avr-objcopy -O ihex -R .eeprom ledbuiltin.elf ledbuiltin.hex

chara@LENO MINGW64 ~/D/Arduinobaremetal/ledbuiltin
$ make upload
"C:\WinAVR\bin\avrdude.exe" -C "C:\WinAVR\bin\avrdude.conf" -v -p atmega328p -c arduino -PCOM3   -b 115200 -D -U flash:w:ledbuiltin.hex:i

avrdude.exe: Version 5.10, compiled on Jan 19 2010 at 10:45:23
             Copyright (c) 2000-2005 Brian Dean, http://www.bdmicro.com/    
             Copyright (c) 2007-2009 Joerg Wunsch

             System wide configuration file is "C:\WinAVR\bin\avrdude.conf"

             Using Port                    : COM3
             Using Programmer              : arduino
             Overriding Baud Rate          : 115200
             AVR Part                      : ATMEGA328P
             Chip Erase delay              : 9000 us
             PAGEL                         : PD7
             BS2                           : PC2
             RESET disposition             : dedicated
             RETRY pulse                   : SCK
             serial program mode           : yes
             parallel program mode         : yes
             Timeout                       : 200
             StabDelay                     : 100
             CmdexeDelay                   : 25
             SyncLoops                     : 32
             ByteDelay                     : 0
             PollIndex                     : 3
             PollValue                     : 0x53
             Memory Detail                 :

                                      Block Poll               Page         
              Polled
               Memory Type Mode Delay Size  Indx Paged  Size   Size #Pages MinW  MaxW   ReadBack
               ----------- ---- ----- ----- ---- ------ ------ ---- ------ ----- ----- ---------
               eeprom        65     5     4    0 no       1024    4      0  3600  3600 0xff 0xff
               flash         65     6   128    0 yes     32768  128    256  4500  4500 0xff 0xff
               lfuse          0     0     0    0 no          1    0      0  4500  4500 0x00 0x00
               hfuse          0     0     0    0 no          1    0      0  4500  4500 0x00 0x00
               efuse          0     0     0    0 no          1    0      0  4500  4500 0x00 0x00
               lock           0     0     0    0 no          1    0      0  4500  4500 0x00 0x00
               calibration    0     0     0    0 no          1    0      0     0     0 0x00 0x00
               signature      0     0     0    0 no          3    0      0     0     0 0x00 0x00

             Programmer Type : Arduino
             Description     : Arduino
             Hardware Version: 3
             Firmware Version: 4.4
             Vtarget         : 0.3 V
             Varef           : 0.3 V
             Oscillator      : 28.800 kHz
             SCK period      : 3.3 us

avrdude.exe: AVR device initialized and ready to accept instructions

Reading | ################################################## | 100% 0.01s   

avrdude.exe: Device signature = 0x1e950f
avrdude.exe: safemode: lfuse reads as 0
avrdude.exe: safemode: hfuse reads as 0
avrdude.exe: safemode: efuse reads as 0
avrdude.exe: reading input file "ledbuiltin.hex"
avrdude.exe: writing flash (172 bytes):

Writing | ################################################## | 100% 0.04s

avrdude.exe: 172 bytes of flash written
avrdude.exe: verifying flash memory against ledbuiltin.hex:
avrdude.exe: load data flash data from input file ledbuiltin.hex:
avrdude.exe: input file ledbuiltin.hex contains 172 bytes
avrdude.exe: reading on-chip flash data:

Reading | ################################################## | 100% 0.03s   

avrdude.exe: verifying ...
avrdude.exe: 172 bytes of flash verified

avrdude.exe: safemode: lfuse reads as 0
avrdude.exe: safemode: hfuse reads as 0
avrdude.exe: safemode: efuse reads as 0
avrdude.exe: safemode: Fuses OK

avrdude.exe done.  Thank you.


chara@LENO MINGW64 ~/D/Arduinobaremetal/ledbuiltin
$